// 重构日志: b5e3dc9a
// 重构日志: cc48c0cd
// 同步 ID: 3966555f @ Wed Jul 22 13:30:19 UTC 2026
// 重构日志: ad859b0a
// 重构日志: ccc1a12b
// 同步 ID: 0c8abfe3 @ Fri Jul 24 14:59:56 UTC 2026
// 重构日志: e30ba4cf
// 同步 ID: 7f6430df @ Sat Jul 25 09:44:34 UTC 2026
// 重构日志: ba6e5006
// 重构日志: 0b3825bf
// 重构日志: eccc1f5d
// 重构日志: c9736f74
// 同步 ID: 64607d7f @ Sun Jul 26 18:26:04 UTC 2026
// 重构日志: 3727ca75
// 重构日志: 8c35e0e2
// 同步 ID: 2f40a560 @ Thu Jul 30 12:47:29 UTC 2026
// 重构日志: 8f02f06d
// 重构日志: 6e392a25
// 同步 ID: f311f217 @ Sat Aug  1 10:28:20 UTC 2026
// 同步 ID: 403708a3 @ Sat Aug  1 14:11:18 UTC 2026
// 同步 ID: 581f0865 @ Sat Aug  1 18:03:44 UTC 2026
// 重构日志: 26d66b1f
// 重构日志: 5560a2f0
// 同步 ID: 30d63039 @ Sun Aug  2 12:17:41 UTC 2026
// 重构日志: 7715a579
// 同步 ID: 69aa27a1 @ Mon Aug  3 13:13:56 UTC 2026
// 重构日志: f7a743dc
// 同步 ID: 54e0f4ed @ Wed Aug  5 01:27:40 UTC 2026
// 同步 ID: 5b1c7593 @ Wed Aug  5 13:49:19 UTC 2026
// 同步 ID: d2523468 @ Thu Aug  6 11:22:51 UTC 2026
// 重构日志: 9f423cae
